# Phase 1 progress log

## 2026-08-24 — authentication/session hardening slice 1

- Confirmed Validate Core run `32784974478` for `89555034495238e5b9b0206bc56228a648238b58` completed successfully.
- Delivered Core checkpoint `28dcddbef2bff9f4f26537d934b37227690d5fe0`:
  - unsafe requests now reject a supplied mismatched `Origin` in addition to token CSRF validation;
  - login failures are per-client fixed-window throttled (default 5 failures/15 minutes, `429` plus `Retry-After`);
  - `POST /api/logout` requires authenticated same-origin CSRF, invalidates the server-side session, and expires the cookie;
  - Web UI exposes Sign out.
- Added focused tests for hostile Origin, throttling/reset behavior, and server-side logout invalidation.
- Validation: focused auth/SQL test set passed; `npm run check` passed (99 tests); deterministic build passed (25 artifacts); runtime production image build passed; `npm audit --omit=dev --audit-level=high` reported 0 vulnerabilities.
- PostgreSQL integration attempt was blocked by `ECONNREFUSED 127.0.0.1:5432`: the healthy project database is intentionally not host-published. No PostgreSQL container, volume, or credential was changed.
- App-only deployment: `docker compose -p watch-tracker-lan-foundation up -d --no-deps app`; `http://10.18.0.201:3100/ready` returned ready and app health is healthy. No migration ran and database service was untouched.
- Git remote verification: `automation/phase1` and PR #4 head both equal `28dcddbef2bff9f4f26537d934b37227690d5fe0`.
- Browser certification blocker: no supported Chromium-family browser is available to the cron browser harness. Authenticated proof was not fabricated and no credential was accessed.
- Historical audit remains **FAIL** pending every accepted auth/session gate.

## 2026-08-24 — authentication/session hardening slice 2

- Independently confirmed PR #4 checkpoint `e0e4c129bbebe9733e6aab88b5292168eee53291` passed Validate Core run `32785954671`, including portable tests, PostgreSQL integration, production build/image scan, SBOM, and Compose smoke.
- Delivered Core checkpoint `c01000240d75b6102ade40c7ac45458aefee71e4`:
  - 30-day sliding idle session expiration;
  - immutable 90-day absolute session expiration cap;
  - atomic PostgreSQL session activity refresh bounded by absolute expiry;
  - additive `0.08_session-lifetimes` migration with timestamp backfill and integrity constraints.
- Added deterministic memory-store boundary tests and migration inventory/safety coverage.
- Validation: focused auth/migration suite passed (23 tests); `npm run check` passed (102 tests); deterministic build passed (25 artifacts); `npm audit --omit=dev --audit-level=high` reported 0 vulnerabilities; production image build passed.
- Live migration returned `PASS migrations=8 schema=0.08 checksum=4b3c7e31187340a02a38aef886469175ab382ff6860fd38390ffe5b3d67b5d33`. This additive migration did not alter Pack or owner records. Database container/volume and credentials were not changed.
- App-only deployment recreated only the app service from `watch-tracker:verify`; app and database are healthy and `/ready` returned ready.
- Branch, origin, and PR #4 head were verified at `c01000240d75b6102ade40c7ac45458aefee71e4`; Validate Core run `32786833530` started.
- Browser harness retry failed because no supported Chromium-family browser is running. No credentials were accessed or changed and no browser evidence was fabricated.
- Remaining accepted gates are Argon2id/password policy and host-controlled recovery. Recovery requires provider/UX decisions; the safe next lane is Argon2id/password policy without changing deployed credentials.
- Validate Core run `32786887814` completed successfully for progress parent `c235859`; all workflow steps passed, including PostgreSQL integration, image scanning, SBOM, and Compose runtime smoke.
- Historical audit remains **FAIL** pending every accepted auth/session gate.

## 2026-08-24 — authentication/session hardening slice 3

- Confirmed the prior watched-feedback Validate Core run `32784974478` completed successfully for `89555034495238e5b9b0206bc56228a648238b58`.
- Delivered Core checkpoint `9c47d4692e9de96186d4b13812013c7ab24506fa`:
  - fresh deployment setup persists Argon2id hashes at the required `m=65536`, `t=3`, `p=1` parameters;
  - host initial-password input has a 15–1024 character/no-NUL policy at startup and SQL setup;
  - legacy scrypt records remain verification-only compatible, so this change does not rewrite a deployed credential.
- Validation: focused authentication/SQL suite passed (8 tests); `npm run check` passed (104 portable tests); deterministic build passed (25 artifacts); `npm audit --omit=dev --audit-level=high` reported 0 vulnerabilities; production image build passed.
- PostgreSQL integration command was attempted but correctly stopped before connection because `TEST_DATABASE_URL` is not supplied to this host. The live database remains intentionally un-published; no database container, volume, or credential was changed.
- App-only deployment: rebuilt `watch-tracker:verify`, recreated only `watch-tracker-lan-foundation-app-1` with `--no-deps`, and observed healthy app/database containers plus `http://10.18.0.201:3100/ready` ready. No migration ran.
- Browser certification remains blocked because the cron harness has no supported Chromium-family browser and no deployment credential was accessed. No authenticated proof was fabricated.
- Remote branch SHA verified at `9c47d4692e9de96186d4b13812013c7ab24506fa`; fresh Validate Core status is pending. Host-controlled recovery is the remaining accepted auth gate, but provider/UX delivery details require a host-channel decision. Historical audit remains **FAIL**.

## 2026-08-24 — authentication/session hardening slice 4

- Confirmed Core PR #4 head `2c6c392d006c0812b8b694860c166a600727182d` passed Validate Core run `32787824289`; the watched-feedback checkpoint `89555034495238e5b9b0206bc56228a648238b58` also passed run `32784974478`. Template PR #10 remains green at `ec5bcc16517809acce74a1b876dc105c50f3f431`.
- Independent review found supplied Origins were checked for host and a web scheme, but did not require the scheme to equal the effective request scheme.
- Delivered Core checkpoint `a30dc896ebc1867b8c9a7ccecba41162e47bab0d`: unsafe requests now require exact scheme, host, and port agreement in addition to token CSRF.
- Added regression coverage proving an opposite-scheme same-host Origin is rejected while the exact HTTP origin remains accepted.
- Validation: focused authentication/SQL suite passed (9 tests); `npm run check` passed (105 portable tests); deterministic build passed (25 artifacts); `npm audit --omit=dev --audit-level=high` reported 0 vulnerabilities; production image build passed.
- App-only deployment recreated `watch-tracker-lan-foundation-app-1` from `watch-tracker:verify` image `sha256:7c458537e267d14d1521e4bd92dd9e5a7ce0005261a7d65cffcc921a1064db41`. The database container remained healthy and untouched; `/ready` returned ready.
- Live API proof using only the public bootstrap CSRF token returned `403 csrf.invalid` for `Origin: https://10.18.0.201:3100` and reached the existing setup guard (`409 setup.unavailable`) for exact `Origin: http://10.18.0.201:3100`. No credential was read or changed. The previously accepted browser matrix remains unchanged because this slice is API-only.
- Host-controlled recovery remains blocked on provider/UX delivery details. Historical audit remains **FAIL** pending that accepted gate.
- Branch, origin, and PR #4 head were verified at progress parent `5a8d50b62931825dcbe785a8b4a6b9175a975eda`; Validate Core run `32788468069` completed successfully with every required step green.

## 2026-08-24 — authentication/session hardening slice 5

- Confirmed the historical watched-feedback Validate Core run `32784974478` is successful. Template PR #10 remains green at `ec5bcc16517809acce74a1b876dc105c50f3f431`.
- Delivered a cookie/session-lifetime conformance correction: a successful login now issues the strict, HttpOnly session cookie with `Max-Age=2592000` (30 days), matching the server-enforced sliding idle lifetime. The immutable 90-day server-side absolute cap remains unchanged.
- Added focused regression coverage for the issued cookie lifetime, alongside logout invalidation coverage.
- Validation: focused auth/SQL suite passed (9 tests); `npm run check` passed (105 portable tests); deterministic build passed (25 artifacts); `npm audit --omit=dev --audit-level=high` reported 0 vulnerabilities; production image build passed.
- Host PostgreSQL integration correctly failed closed because `TEST_DATABASE_URL` is absent. The live database remains intentionally not host-published; neither its container, volume, nor credentials were changed. CI will run the isolated PostgreSQL gate.
- App-only deployment rebuilt `watch-tracker:verify` and recreated only `watch-tracker-lan-foundation-app-1` with `--no-deps`, image `sha256:04686d7d2b73e07455bc949079c59342ba7cba83021b113d1c47d3058bb79519`. App and database are healthy; `/ready` returned ready.
- No deployment credential was accessed. Authenticated browser proof is unavailable and was not fabricated; this bounded API cookie attribute correction has focused API proof.
- Implementation checkpoint `96dac615f9d344941696b90420c4533a384efad2` was pushed to `origin/automation/phase1`; its Validate Core workflow is pending and will supply isolated PostgreSQL integration, image scanning, SBOM, and Compose smoke evidence. Host-controlled recovery remains blocked on a host delivery channel and UX decision: choose the host-managed delivery channel (for example, SMTP relay, help-desk/admin-mediated reset, or another approved channel) and the user-facing recovery UX. Historical audit remains **FAIL** pending that accepted gate.
- Validate Core run `32789056484` completed successfully for `96dac615f9d344941696b90420c4533a384efad2`: all required typecheck, lint, formatting, portable tests, isolated PostgreSQL integration/migration identity, image scan, SBOM, and Compose smoke steps passed.
- Independently re-ran the focused authentication/SQL suite (9/9 passed) and repeated credential-free live Origin proof: opposite-scheme same-host returned `403 csrf.invalid`; exact Origin reached `409 setup.unavailable`. Core progress head `671d54b01d5b53b178953724f8fc4e821db8e1d7` passed Validate Core run `32789245504`; PR #4 is clean and its remote SHA is verified. Template PR #10 remains green at `ec5bcc16517809acce74a1b876dc105c50f3f431`.

## 2026-08-24 — authentication/session hardening slice 6

- Delivered Core checkpoint `a832a0dc3f6f86b807649ddd2dbc8f688dd0e67a`: the in-process per-client login throttle now retains at most 10,000 active entries, pruning expired fixed windows and evicting the oldest entry at capacity. This bounds state under distributed failed-login traffic while retaining the existing five-failure/15-minute behavior.
- Added a deterministic focused regression test that fills a two-entry test throttle with three distinct client addresses and verifies the evicted address can be admitted again.
- Validation: focused auth/SQL suite passed (10 tests); `npm run check` passed (106 portable tests); deterministic build passed (25 artifacts); `npm audit --omit=dev --audit-level=high` reported 0 vulnerabilities; production image build passed.
- PostgreSQL integration correctly failed closed because `TEST_DATABASE_URL` is absent; the live database remains intentionally un-published. No PostgreSQL container, volume, or credential was changed. Isolated PostgreSQL integration remains required in CI.
- App-only deployment recreated only `watch-tracker-lan-foundation-app-1` with `--no-deps` from image `sha256:19f0a7c89eefacf20c3e84e04e9d633574301b2c952c9f2c0bc616b1ba3ae6ad`; the database container stayed healthy and untouched. The app reached healthy and `/ready` returned ready.
- Browser proof is blocked because the harness reports no supported Chromium-family browser is running. No deployment credential was accessed; no authenticated browser result was fabricated.
- Implementation SHA and `origin/automation/phase1` were verified as `a832a0dc3f6f86b807649ddd2dbc8f688dd0e67a`; Validate Core is pending. The recovery blocker is unchanged: select an approved host-managed recovery delivery channel and user-facing recovery UX. Historical audit remains **FAIL** until that accepted gate and all CI gates pass.
- Validate Core run `32789911970` completed successfully for progress/docs head `e8dc68dbce209d005e50c1dacb8b338b36866792`, with all required checks green: locked dependencies and production/full audits, typecheck, lint, formatting, portable tests, isolated PostgreSQL integration and migration identity, build, Dockerfile/Compose validation, image scans, CycloneDX SBOM, and disposable Compose smoke.

## 2026-08-24 — independent authentication/session gate supervision

- Verified PR #4, `origin/automation/phase1`, and the local branch at `882a7dc31cbcb93adbbfe54c4159724f91e60e60`; Validate Core run `32790095448` completed successfully, including isolated PostgreSQL integration, current migration identity, image scans, CycloneDX SBOM, and disposable Compose smoke.
- Independently ran the focused authentication/SQL invocation; all 106 portable tests passed, including hostile Origin, login throttle/reset/bounded-state, logout invalidation, session lifetimes, Argon2id, owner isolation, and immutable Pack separation coverage.
- Repeated credential-free live Origin proof against the healthy deployed app: opposite-scheme same-host returned `403 csrf.invalid`, while the exact HTTP Origin reached the existing `409 setup.unavailable` guard.
- Confirmed the app remains healthy on image `sha256:19f0a7c89eefacf20c3e84e04e9d633574301b2c952c9f2c0bc616b1ba3ae6ad`. The database is healthy and predates the app recreation; no database container, volume, durable data, or credential was changed or accessed.
- Template PR #10 remains green at `ec5bcc16517809acce74a1b876dc105c50f3f431`.
- Host-controlled recovery remains blocked on selection of an approved host-managed delivery channel and user-facing recovery UX. Historical audit remains **FAIL** pending that accepted gate.

## 2026-08-24 — authentication/session hardening slice 7

- Confirmed the previously requested watched-feedback Validate Core run `32784974478` completed successfully for `89555034495238e5b9b0206bc56228a648238b58`.
- Delivered Core checkpoint `8103dd0772ab9e0d5623e789b4559bd98e09848a`: `/api/bootstrap`, `/api/login`, and `/api/logout` now emit `Cache-Control: no-store`, preventing browser/intermediary retention of setup/session CSRF material and authentication responses.
- Focused auth/SQL tests passed 10/10, including regression assertions for bootstrap, login, and logout cache-control headers. `npm run check` passed all 106 portable tests; deterministic production build passed with 25 artifacts; `npm audit --omit=dev --audit-level=high` reported zero vulnerabilities; production image build passed.
- App-only deploy rebuilt `watch-tracker:verify` as `watch-tracker@sha256:c0f50ab8dcd861f7e516a02ca8e52eda5935d45953bec61383fbf1ca91b56c22` and recreated only `watch-tracker-lan-foundation-app-1` using `--no-deps`. The existing database container was healthy and untouched. Credential-free deployed API proof returned `/ready` ready and `Cache-Control: no-store` on `/api/bootstrap`.
- No deployment credential was accessed; authenticated browser proof was not fabricated for this API-only change. Host-controlled recovery remains blocked on a selected host-managed delivery channel and user-facing recovery UX. Historical audit remains **FAIL** pending that gate and CI.
- Validate Core run `32790717217` completed successfully for pushed progress parent `82c968230add5aa3d3bad195914c152c93b26dea` and implementation SHA `8103dd0772ab9e0d5623e789b4559bd98e09848a`; all required portable tests, isolated PostgreSQL integration/migration identity, image scans, CycloneDX SBOM, and Compose smoke checks passed.

## 2026-08-24 — independent API cache-control review

- Confirmed Core PR #4 progress head `e8df19f76fad4ef786c9bb45093c3d137e1e7b98` passed Validate Core run `32790911326`; Template PR #10 remains green at `ec5bcc16517809acce74a1b876dc105c50f3f431`.
- Independent security review found authenticated owner-scoped API responses could still use default caching semantics after logout. Delivered Core checkpoint `5f446a7216dd0b379080f14ac335d37387108725`: every `/api` success and error response now emits `Cache-Control: no-store`.
- Added focused coverage for both authenticated owner-scoped `/api/workspace` data and the post-logout `401` response. `npm run check` passed all 107 portable tests; deterministic build passed; production dependency audit reported 0 vulnerabilities; production image build passed.
- Validate Core run `32791278109` passed for `5f446a7216dd0b379080f14ac335d37387108725`, including isolated PostgreSQL integration/current migration identity, application and database image scans, CycloneDX SBOM, and disposable Compose runtime smoke.
- App-only deployment recreated only `watch-tracker-lan-foundation-app-1` with `--no-deps` on image `sha256:1744e3733f0f0e3f5bbfe6326aa268757347d831adf7ad89464c7467c902db86`. The database container retained its earlier creation time and stayed healthy; no durable data, volume, migration, or credential was changed.
- Credential-free live proof returned ready from `/ready`, `Cache-Control: no-store` from `/api/bootstrap`, and `401 auth.required` plus `Cache-Control: no-store` from `/api/workspace`. No authenticated browser result was fabricated and no deployment credential was accessed.
- Host-controlled recovery remains blocked on an approved host-managed delivery channel and user-facing recovery UX. Historical audit remains **FAIL** pending that accepted gate.

## 2026-08-25 — authentication/session hardening slice 8

- Found and corrected a conformance gap against the reviewed Phase 1 access baseline: the production in-process login throttle default was five attempts, while the accepted plan requires ten failed logins per remote address within 15 minutes followed by a 15-minute cooldown.
- Delivered implementation checkpoint `c0fab3442155f57f933ae0161508cc1fa6caac7f`: the default is now ten; the bounded 10,000-entry retention, exact Origin + CSRF validation, successful-login reset, and `Retry-After` behavior remain unchanged.
- Added a default-path regression test which makes ten failed sign-in attempts and asserts the eleventh is `429 auth.throttled`; test setup no longer injects an override when validating the actual default.
- Validation: focused auth/SQL suite passed 12/12; `npm run check` passed 108 portable tests; deterministic build passed with 25 artifacts; `npm audit --omit=dev --audit-level=high` reported 0 vulnerabilities; `docker build --check` and `docker compose config` passed. Host `npm run test:postgres` failed closed before connection because `TEST_DATABASE_URL` is absent; no PostgreSQL container, volume, credential, or durable data was changed.
- App-only deployment rebuilt `watch-tracker:verify` image `sha256:411ecda5d3da584047404c9425518018f47d2154066993460e65e67357be8d81` and recreated only `watch-tracker-lan-foundation-app-1` with `--no-deps`. App and existing database are healthy; `/ready` returned ready and credential-free `/api/bootstrap` returned `Cache-Control: no-store`.
- Authenticated browser proof remains unavailable in the cron environment and was not fabricated; no deployment credential was accessed. The exact recovery blocker remains: choose an approved host-managed delivery channel and user-facing recovery UX. Historical audit remains **FAIL** until host-controlled recovery and every accepted auth/session gate passes.
- GitHub remote verification confirmed local and `origin/automation/phase1` at `1946e09ec8206f88896f1d1149a44731179e0518`; Core PR #4 points there. Validate Core run `32792198422` passed all locked-install, full/production audit, type/lint/format, portable test, isolated PostgreSQL/migration identity, deterministic build, Docker/Compose, image-scan, SBOM, and disposable runtime-smoke gates.
